--
-- Drop existing table
--
DROP TABLE IF EXISTS foo;
NOTICE:  table "foo" does not exist, skipping
--
-- Create new table foo
--
CREATE TABLE foo(type INTEGER, prod VARCHAR, quantity NUMERIC)
DISTRIBUTED RANDOMLY
PARTITION BY RANGE (quantity) (
	partition "1" start (0) end (100),
	partition "2" start (100) end (200),
	partition "3" start (200) end (300),
	partition "4" start (300) end (400)
);
NOTICE:  CREATE TABLE will create partition "foo_1_prt_1" for table "foo"
NOTICE:  CREATE TABLE will create partition "foo_1_prt_2" for table "foo"
NOTICE:  CREATE TABLE will create partition "foo_1_prt_3" for table "foo"
NOTICE:  CREATE TABLE will create partition "foo_1_prt_4" for table "foo"
--
-- Insert some values
--
INSERT INTO foo VALUES
  (1, 'Table', 100),
  (2, 'Chair', 250),
  (3, 'Bed', 300);
--
-- Turn off GPORCA
--
set optimizer to off;
--
-- Select query with grouping sets
--
SELECT type, prod, sum(quantity) s_quant
FROM (
	SELECT * FROM foo
) AS t
GROUP BY GROUPING SETS((type), (prod))
ORDER BY type, s_quant;
 type | prod  | s_quant 
------+-------+---------
    1 |       |     100
    2 |       |     250
    3 |       |     300
      | Table |     100
      | Chair |     250
      | Bed   |     300
(6 rows)

--
-- Reset settings
--
reset optimizer;
